#
# There is insufficient memory for the Java Runtime Environment to continue.
# Native memory allocation (malloc) failed to allocate 1048576 bytes for AllocateHeap
# Possible reasons:
#   The system is out of physical RAM or swap space
#   The process is running with CompressedOops enabled, and the Java Heap may be blocking the growth of the native heap
# Possible solutions:
#   Reduce memory load on the system
#   Increase physical memory or swap space
#   Check if swap backing store is full
#   Decrease Java heap size (-Xmx/-Xms)
#   Decrease number of Java threads
#   Decrease Java thread stack sizes (-Xss)
#   Set larger code cache with -XX:ReservedCodeCacheSize=
#   JVM is running with Zero Based Compressed Oops mode in which the Java heap is
#     placed in the first 32GB address space. The Java Heap base address is the
#     maximum limit for the native heap growth. Please use -XX:HeapBaseMinAddress
#     to set the Java Heap base and to place the Java Heap above 32GB virtual address.
# This output file may be truncated or incomplete.
#
#  Out of Memory Error (allocation.cpp:44), pid=8708, tid=19960
#
# JRE version:  (19.0.2+7) (build )
# Java VM: Java HotSpot(TM) 64-Bit Server VM (19.0.2+7-44, mixed mode, sharing, tiered, compressed oops, compressed class ptrs, g1 gc, windows-amd64)
# No core dump will be written. Minidumps are not enabled by default on client versions of Windows
#

---------------  S U M M A R Y ------------

Command Line: 

Host: Intel(R) Core(TM) i5-8250U CPU @ 1.60GHz, 8 cores, 15G,  Windows 11 , 64 bit Build 26100 (10.0.26100.8521)
Time: Fri Jun 19 07:06:29 2026 Malay Peninsula Standard Time elapsed time: 2.126082 seconds (0d 0h 0m 2s)

---------------  T H R E A D  ---------------

Current thread (0x00000199ba4fbd80):  JavaThread "Unknown thread" [_thread_in_vm, id=19960, stack(0x0000002181200000,0x0000002181300000)]

Stack: [0x0000002181200000,0x0000002181300000]
Native frames: (J=compiled Java code, j=interpreted, Vv=VM code, C=native code)
V  [jvm.dll+0x6ee21a]
V  [jvm.dll+0x85765e]
V  [jvm.dll+0x85904e]
V  [jvm.dll+0x859703]
V  [jvm.dll+0x28298f]
V  [jvm.dll+0xc406b]
V  [jvm.dll+0x335779]
V  [jvm.dll+0x32d874]
V  [jvm.dll+0x821780]
V  [jvm.dll+0x3c2661]
V  [jvm.dll+0x801f51]
V  [jvm.dll+0x44ae8f]
V  [jvm.dll+0x44c811]
C  [jli.dll+0x5287]
C  [ucrtbase.dll+0x2cd30]
C  [KERNEL32.DLL+0x2e957]
C  [ntdll.dll+0x87c1c]


---------------  P R O C E S S  ---------------

Threads class SMR info:
_java_thread_list=0x00007ffbab51d048, length=0, elements={
}

Java Threads: ( => current thread )

Other Threads:
  0x00000199ba56eca0 WorkerThread "GC Thread#0" [stack: 0x0000002181300000,0x0000002181400000] [id=26360]

[error occurred during error reporting (printing all threads), id 0xc0000005, EXCEPTION_ACCESS_VIOLATION (0xc0000005) at pc=0x00007ffbaacda930]

VM state: not at safepoint (not fully initialized)

VM Mutex/Monitor currently owned by a thread:  ([mutex/lock_event])
[0x00000199ba4f8f40] Heap_lock - owner thread: 0x00000199ba4fbd80

Heap address: 0x0000000702400000, size: 4060 MB, Compressed Oops mode: Zero based, Oop shift amount: 3

CDS archive(s) mapped at: [0x0000000000000000-0x0000000000000000-0x0000000000000000), size 0, SharedBaseAddress: 0x0000000800000000, ArchiveRelocationMode: 0.
Narrow klass base: 0x0000000000000000, Narrow klass shift: 0, Narrow klass range: 0x0

GC Precious Log:
 CardTable entry size: 512
 Card Set container configuration: InlinePtr #cards 4 size 8 Array Of Cards #cards 16 size 48 Howl #buckets 8 coarsen threshold 3686 Howl Bitmap #cards 512 size 80 coarsen threshold 460 Card regions per heap region 1 cards per card region 4096

Heap:
 garbage-first heap   total 0K, used 0K [0x0000000702400000, 0x0000000800000000)
  region size 2048K, 0 young (0K), 0 survivors (0K)

[error occurred during error reporting (printing heap information), id 0xc0000005, EXCEPTION_ACCESS_VIOLATION (0xc0000005) at pc=0x00007ffbab0e6649]

GC Heap History (0 events):
No events

Dll operation events (1 events):
Event: 0.056 Loaded shared library C:\Program Files\Java\jdk-19\bin\java.dll

Deoptimization events (0 events):
No events

Classes loaded (0 events):
No events

Classes unloaded (0 events):
No events

Classes redefined (0 events):
No events

Internal exceptions (0 events):
No events

VM Operations (0 events):
No events

Events (0 events):
No events


Dynamic libraries:
0x00007ff61b180000 - 0x00007ff61b190000 	C:\Program Files\Java\jdk-19\bin\java.exe
0x00007ffc5d320000 - 0x00007ffc5d586000 	C:\WINDOWS\SYSTEM32\ntdll.dll
0x00007ffc5c6a0000 - 0x00007ffc5c769000 	C:\WINDOWS\System32\KERNEL32.DLL
0x00007ffc5abe0000 - 0x00007ffc5afda000 	C:\WINDOWS\System32\KERNELBASE.dll
0x00007ffc5a670000 - 0x00007ffc5a7bc000 	C:\WINDOWS\System32\ucrtbase.dll
0x00007ffc4b940000 - 0x00007ffc4b95b000 	C:\Program Files\Java\jdk-19\bin\VCRUNTIME140.dll
0x00007ffc4b920000 - 0x00007ffc4b938000 	C:\Program Files\Java\jdk-19\bin\jli.dll
0x00007ffc5cdb0000 - 0x00007ffc5ce66000 	C:\WINDOWS\System32\ADVAPI32.dll
0x00007ffc5bb80000 - 0x00007ffc5bc29000 	C:\WINDOWS\System32\msvcrt.dll
0x00007ffc5bdc0000 - 0x00007ffc5be6a000 	C:\WINDOWS\System32\sechost.dll
0x00007ffc5d090000 - 0x00007ffc5d1a8000 	C:\WINDOWS\System32\RPCRT4.dll
0x00007ffc5ce90000 - 0x00007ffc5d057000 	C:\WINDOWS\System32\USER32.dll
0x00007ffc5aa70000 - 0x00007ffc5aa97000 	C:\WINDOWS\System32\win32u.dll
0x00007ffc5d060000 - 0x00007ffc5d08b000 	C:\WINDOWS\System32\GDI32.dll
0x00007ffc5a940000 - 0x00007ffc5aa6b000 	C:\WINDOWS\System32\gdi32full.dll
0x00007ffc5afe0000 - 0x00007ffc5b083000 	C:\WINDOWS\System32\msvcp_win.dll
0x00007ffc48560000 - 0x00007ffc487f2000 	C:\WINDOWS\WinSxS\amd64_microsoft.windows.common-controls_6595b64144ccf1df_6.0.26100.8521_none_3e08b75ce33403b3\COMCTL32.dll
0x00007ffc519a0000 - 0x00007ffc519ab000 	C:\WINDOWS\SYSTEM32\VERSION.dll
0x00007ffc5c4c0000 - 0x00007ffc5c4f2000 	C:\WINDOWS\System32\IMM32.DLL
0x00007ffc574e0000 - 0x00007ffc574ec000 	C:\Program Files\Java\jdk-19\bin\vcruntime140_1.dll
0x00007ffc25cd0000 - 0x00007ffc25d5e000 	C:\Program Files\Java\jdk-19\bin\msvcp140.dll
0x00007ffbaa9a0000 - 0x00007ffbab660000 	C:\Program Files\Java\jdk-19\bin\server\jvm.dll
0x00007ffc3cd00000 - 0x00007ffc3cd0a000 	C:\WINDOWS\SYSTEM32\WSOCK32.dll
0x00007ffc5b100000 - 0x00007ffc5b180000 	C:\WINDOWS\System32\WS2_32.dll
0x00007ffc4ab60000 - 0x00007ffc4ab96000 	C:\WINDOWS\SYSTEM32\WINMM.dll
0x00007ffc59340000 - 0x00007ffc5935b000 	C:\WINDOWS\SYSTEM32\kernel.appcore.dll
0x00007ffc55840000 - 0x00007ffc5584a000 	C:\Program Files\Java\jdk-19\bin\jimage.dll
0x00007ffc44840000 - 0x00007ffc44a82000 	C:\WINDOWS\SYSTEM32\DBGHELP.DLL
0x00007ffc5c980000 - 0x00007ffc5cd03000 	C:\WINDOWS\System32\combase.dll
0x00007ffc5c3e0000 - 0x00007ffc5c4b9000 	C:\WINDOWS\System32\OLEAUT32.dll
0x00007ffc42fb0000 - 0x00007ffc42feb000 	C:\WINDOWS\SYSTEM32\dbgcore.DLL
0x00007ffc5aaa0000 - 0x00007ffc5ab48000 	C:\WINDOWS\System32\bcryptPrimitives.dll
0x00007ffc49bf0000 - 0x00007ffc49c16000 	C:\Program Files\Java\jdk-19\bin\java.dll

dbghelp: loaded successfully - version: 4.0.5 - missing functions: none
symbol engine: initialized successfully - sym options: 0x614 - pdb path: .;C:\Program Files\Java\jdk-19\bin;C:\WINDOWS\SYSTEM32;C:\WINDOWS\WinSxS\amd64_microsoft.windows.common-controls_6595b64144ccf1df_6.0.26100.8521_none_3e08b75ce33403b3;C:\Program Files\Java\jdk-19\bin\server

VM Arguments:
java_command: <unknown>
java_class_path (initial): <not set>
Launcher Type: SUN_STANDARD

[Global flags]
     intx CICompilerCount                          = 4                                         {product} {ergonomic}
     uint ConcGCThreads                            = 2                                         {product} {ergonomic}
     uint G1ConcRefinementThreads                  = 8                                         {product} {ergonomic}
   size_t G1HeapRegionSize                         = 2097152                                   {product} {ergonomic}
    uintx GCDrainStackTargetSize                   = 64                                        {product} {ergonomic}
   size_t InitialHeapSize                          = 266338304                                 {product} {ergonomic}
   size_t MarkStackSize                            = 4194304                                   {product} {ergonomic}
   size_t MaxHeapSize                              = 4257218560                                {product} {ergonomic}
   size_t MinHeapDeltaBytes                        = 2097152                                   {product} {ergonomic}
   size_t MinHeapSize                              = 8388608                                   {product} {ergonomic}
    uintx NonNMethodCodeHeapSize                   = 5839372                                {pd product} {ergonomic}
    uintx NonProfiledCodeHeapSize                  = 122909434                              {pd product} {ergonomic}
    uintx ProfiledCodeHeapSize                     = 122909434                              {pd product} {ergonomic}
    uintx ReservedCodeCacheSize                    = 251658240                              {pd product} {ergonomic}
     bool SegmentedCodeCache                       = true                                      {product} {ergonomic}
   size_t SoftMaxHeapSize                          = 4257218560                             {manageable} {ergonomic}
     bool UseCompressedClassPointers               = true                           {product lp64_product} {ergonomic}
     bool UseCompressedOops                        = true                           {product lp64_product} {ergonomic}
     bool UseG1GC                                  = true                                      {product} {ergonomic}
     bool UseLargePagesIndividualAllocation        = false                                  {pd product} {ergonomic}

Logging:
Log output configuration:
 #0: stdout all=warning uptime,level,tags foldmultilines=false
 #1: stderr all=off uptime,level,tags foldmultilines=false

Environment Variables:
PATH=C:\Program Files\Eclipse Adoptium\jdk-25.0.3.9-hotspot\bin;C:\Program Files (x86)\VMware\VMware Player\bin\;C:\Program Files\Common Files\Oracle\Java\javapath;C:\Program Files (x86)\Common Files\Oracle\Java\java8path;C:\Program Files (x86)\Common Files\Oracle\Java\javapath;C:\WINDOWS\system32;C:\WINDOWS;C:\WINDOWS\System32\Wbem;C:\WINDOWS\System32\WindowsPowerShell\v1.0\;C:\WINDOWS\System32\OpenSSH\;C:\Program Files\Intel\WiFi\bin\;C:\Program Files\Common Files\Intel\WirelessCommon\;C:\Program Files\nodejs\;C:\Program Files\Git\cmd;C:\Users\USER\.local\bin;C:\Users\USER\AppData\Local\Microsoft\WindowsApps;C:\Users\USER\AppData\Local\Programs\Microsoft VS Code\bin;C:\Users\USER\AppData\Roaming\npm;C:\xampp\php;C:\xampp;C:\Users\USER\AppData\Local\Programs\cursor\resources\app\bin;C:\Users\USER\AppData\Local\Programs\Antigravity\bin
USERNAME=USER
OS=Windows_NT
PROCESSOR_IDENTIFIER=Intel64 Family 6 Model 142 Stepping 10, GenuineIntel
TMP=C:\Users\USER\AppData\Local\Temp
TEMP=C:\Users\USER\AppData\Local\Temp



---------------  S Y S T E M  ---------------

OS:
 Windows 11 , 64 bit Build 26100 (10.0.26100.8521)
OS uptime: 2 days 15:33 hours

CPU: total 8 (initial active 8) (4 cores per cpu, 2 threads per core) family 6 model 142 stepping 10 microcode 0xf4, cx8, cmov, fxsr, ht, mmx, 3dnowpref, sse, sse2, sse3, ssse3, sse4.1, sse4.2, popcnt, lzcnt, tsc, tscinvbit, avx, avx2, aes, erms, clmul, bmi1, bmi2, adx, fma, vzeroupper, clflush, clflushopt, rdtscp

Memory: 4k page, system-wide physical 16239M (1977M free)
TotalPageFile size 19171M (AvailPageFile size 18M)
current process WorkingSet (physical memory assigned to process): 12M, peak: 12M
current process commit charge ("private bytes"): 53M, peak: 54M

vm_info: Java HotSpot(TM) 64-Bit Server VM (19.0.2+7-44) for windows-amd64 JRE (19.0.2+7-44), built on 2022-11-30T18:02:09Z by "mach5one" with MS VC++ 17.1 (VS2022)

END.
